// Vitest Snapshot v1

exports[`color-update > should update the color 1`] = `
"--vmu-color-primary:103, 80, 164;
--vmu-color-on-primary:255, 255, 255;
--vmu-color-primary-container:233, 221, 255;
--vmu-color-on-primary-container:34, 0, 93;
--vmu-color-secondary:98, 91, 113;
--vmu-color-on-secondary:255, 255, 255;
--vmu-color-secondary-container:232, 222, 248;
--vmu-color-on-secondary-container:30, 25, 43;
--vmu-color-tertiary:126, 82, 96;
--vmu-color-on-tertiary:255, 255, 255;
--vmu-color-tertiary-container:255, 217, 227;
--vmu-color-on-tertiary-container:49, 16, 29;
--vmu-color-error:186, 26, 26;
--vmu-color-on-error:255, 255, 255;
--vmu-color-error-container:255, 218, 214;
--vmu-color-on-error-container:65, 0, 2;
--vmu-color-background:255, 251, 255;
--vmu-color-on-background:28, 27, 30;
--vmu-color-surface:255, 251, 255;
--vmu-color-on-surface:28, 27, 30;
--vmu-color-surface-variant:231, 224, 235;
--vmu-color-on-surface-variant:73, 69, 78;
--vmu-color-outline:122, 117, 127;
--vmu-color-outline-variant:202, 196, 207;
--vmu-color-shadow:0, 0, 0;
--vmu-color-scrim:0, 0, 0;
--vmu-color-inverse-surface:49, 48, 51;
--vmu-color-inverse-on-surface:244, 239, 244;
--vmu-color-inverse-primary:207, 188, 255;
--vmu-color-success:0, 110, 47;
--vmu-color-on-success:255, 255, 255;
--vmu-color-success-container:129, 252, 153;
--vmu-color-on-success-container:0, 33, 9;
--vmu-color-info:0, 103, 127;
--vmu-color-on-info:255, 255, 255;
--vmu-color-info-container:182, 234, 255;
--vmu-color-on-info-container:0, 31, 40;
--vmu-color-warning:118, 91, 0;
--vmu-color-on-warning:255, 255, 255;
--vmu-color-warning-container:255, 223, 148;
--vmu-color-on-warning-container:36, 26, 0;
--vmu-color-disabled:31, 31, 31;"
`;

exports[`color-update > should update the color 2`] = `
"--vmu-color-primary:207, 188, 255;
--vmu-color-on-primary:56, 30, 114;
--vmu-color-primary-container:79, 55, 138;
--vmu-color-on-primary-container:233, 221, 255;
--vmu-color-secondary:203, 194, 219;
--vmu-color-on-secondary:51, 45, 65;
--vmu-color-secondary-container:74, 68, 88;
--vmu-color-on-secondary-container:232, 222, 248;
--vmu-color-tertiary:239, 184, 200;
--vmu-color-on-tertiary:74, 37, 50;
--vmu-color-tertiary-container:99, 59, 72;
--vmu-color-on-tertiary-container:255, 217, 227;
--vmu-color-error:255, 180, 171;
--vmu-color-on-error:105, 0, 5;
--vmu-color-error-container:147, 0, 10;
--vmu-color-on-error-container:255, 180, 171;
--vmu-color-background:28, 27, 30;
--vmu-color-on-background:230, 225, 230;
--vmu-color-surface:28, 27, 30;
--vmu-color-on-surface:230, 225, 230;
--vmu-color-surface-variant:73, 69, 78;
--vmu-color-on-surface-variant:202, 196, 207;
--vmu-color-outline:148, 143, 153;
--vmu-color-outline-variant:73, 69, 78;
--vmu-color-shadow:0, 0, 0;
--vmu-color-scrim:0, 0, 0;
--vmu-color-inverse-surface:230, 225, 230;
--vmu-color-inverse-on-surface:49, 48, 51;
--vmu-color-inverse-primary:103, 80, 164;
--vmu-color-success:100, 222, 128;
--vmu-color-on-success:0, 57, 21;
--vmu-color-success-container:0, 83, 33;
--vmu-color-on-success-container:129, 252, 153;
--vmu-color-info:92, 213, 251;
--vmu-color-on-info:0, 53, 67;
--vmu-color-info-container:0, 78, 96;
--vmu-color-on-info-container:182, 234, 255;
--vmu-color-warning:241, 192, 52;
--vmu-color-on-warning:62, 46, 0;
--vmu-color-warning-container:89, 68, 0;
--vmu-color-on-warning-container:255, 223, 148;
--vmu-color-disabled:227, 227, 227;"
`;
